#
# There is insufficient memory for the Java Runtime Environment to continue.
# Native memory allocation (mmap) failed to map 255852544 bytes. Error detail: G1 virtual space
# Possible reasons:
#   The system is out of physical RAM or swap space
#   This process is running with CompressedOops enabled, and the Java Heap may be blocking the growth of the native heap
# Possible solutions:
#   Reduce memory load on the system
#   Increase physical memory or swap space
#   Check if swap backing store is full
#   Decrease Java heap size (-Xmx/-Xms)
#   Decrease number of Java threads
#   Decrease Java thread stack sizes (-Xss)
#   Set larger code cache with -XX:ReservedCodeCacheSize=
#   JVM is running with Zero Based Compressed Oops mode in which the Java heap is
#     placed in the first 32GB address space. The Java Heap base address is the
#     maximum limit for the native heap growth. Please use -XX:HeapBaseMinAddress
#     to set the Java Heap base and to place the Java Heap above 32GB virtual address.
# This output file may be truncated or incomplete.
#
#  Out of Memory Error (os_windows.cpp:3925), pid=71856, tid=54100
#
# JRE version:  (21.0.8+1) (build )
# Java VM: OpenJDK 64-Bit Server VM (21.0.8+1-b1038.71, mixed mode, sharing, tiered, compressed oops, compressed class ptrs, g1 gc, windows-amd64)
# No core dump will be written. Minidumps are not enabled by default on client versions of Windows
#

---------------  S U M M A R Y ------------

Command Line: -Dfile.encoding=GBK C:\Program Files\Huawei\DevEco Studio\sdk\default\openharmony\toolchains\lib\app_packing_tool.jar --mode hap --force true --lib-path C:\Users\infinty\DevEcoStudioProjects\SportHealthAgent\entry\build\default\intermediates\stripped_native_libs\default --json-path C:\Users\infinty\DevEcoStudioProjects\SportHealthAgent\entry\build\default\intermediates\package\default\module.json --resources-path C:\Users\infinty\DevEcoStudioProjects\SportHealthAgent\entry\build\default\intermediates\res\default\resources --index-path C:\Users\infinty\DevEcoStudioProjects\SportHealthAgent\entry\build\default\intermediates\res\default\resources.index --pack-info-path C:\Users\infinty\DevEcoStudioProjects\SportHealthAgent\entry\build\default\outputs\default\pack.info --out-path C:\Users\infinty\DevEcoStudioProjects\SportHealthAgent\entry\build\default\outputs\default\entry-default-unsigned.hap --ets-path C:\Users\infinty\DevEcoStudioProjects\SportHealthAgent\entry\build\default\intermediates\loader_out\default\ets --pkg-sdk-info-path C:\Users\infinty\DevEcoStudioProjects\SportHealthAgent\entry\build\default\intermediates\loader\default\pkgSdkInfo.json

Host: AMD Ryzen 9 8940HX with Radeon Graphics        , 32 cores, 15G,  Windows 11 , 64 bit Build 26100 (10.0.26100.9444)
Time: Wed Sep 23 11:06:31 2026 elapsed time: 0.074109 seconds (0d 0h 0m 0s)

---------------  T H R E A D  ---------------

Current thread (0x000001eb7bf361d0):  JavaThread "Unknown thread" [_thread_in_vm, id=54100, stack(0x000000bd9f900000,0x000000bd9fa00000) (1024K)]

Stack: [0x000000bd9f900000,0x000000bd9fa00000]
Native frames: (J=compiled Java code, j=interpreted, Vv=VM code, C=native code)
V  [jvm.dll+0x6ebeb9]
V  [jvm.dll+0x8cbec3]
V  [jvm.dll+0x8ce47e]
V  [jvm.dll+0x8ceb63]
V  [jvm.dll+0x28adf6]
V  [jvm.dll+0x6e8695]
V  [jvm.dll+0x6dbeea]
V  [jvm.dll+0x36689b]
V  [jvm.dll+0x36e466]
V  [jvm.dll+0x3c08c6]
V  [jvm.dll+0x3c0b98]
V  [jvm.dll+0x3390cc]
V  [jvm.dll+0x339dbb]
V  [jvm.dll+0x893349]
V  [jvm.dll+0x3cda98]
V  [jvm.dll+0x87c368]
V  [jvm.dll+0x46283e]
V  [jvm.dll+0x464521]
C  [jli.dll+0x52ab]
C  [ucrtbase.dll+0x2cd30]
C  [KERNEL32.DLL+0x2cd87]
C  [ntdll.dll+0xacaec]


---------------  P R O C E S S  ---------------

Threads class SMR info:
_java_thread_list=0x00007ff808ab32c8, length=0, elements={
}

Java Threads: ( => current thread )
Total: 0

Other Threads:
  0x000001eb7e334120 WorkerThread "GC Thread#0"                     [id=63260, stack(0x000000bd9fa00000,0x000000bd9fb00000) (1024K)]
  0x000001eb7e345a70 ConcurrentGCThread "G1 Main Marker"            [id=35412, stack(0x000000bd9fb00000,0x000000bd9fc00000) (1024K)]
  0x000001eb7e346480 WorkerThread "G1 Conc#0"                       [id=11508, stack(0x000000bd9fc00000,0x000000bd9fd00000) (1024K)]

[error occurred during error reporting (printing all threads), id 0xc0000005, EXCEPTION_ACCESS_VIOLATION (0xc0000005) at pc=0x00007ff80819c0b7]
VM state: not at safepoint (not fully initialized)

VM Mutex/Monitor currently owned by a thread:  ([mutex/lock_event])
[0x00007ff808b27d58] Heap_lock - owner thread: 0x000001eb7bf361d0

Heap address: 0x000000070c800000, size: 3896 MB, Compressed Oops mode: Zero based, Oop shift amount: 3

CDS archive(s) mapped at: [0x0000000000000000-0x0000000000000000-0x0000000000000000), size 0, SharedBaseAddress: 0x0000000800000000, ArchiveRelocationMode: 1.
Narrow klass base: 0x0000000000000000, Narrow klass shift: 0, Narrow klass range: 0x0

GC Precious Log:
 CardTable entry size: 512
 Card Set container configuration: InlinePtr #cards 4 size 8 Array Of Cards #cards 16 size 48 Howl #buckets 8 coarsen threshold 3686 Howl Bitmap #cards 512 size 80 coarsen threshold 460 Card regions per heap region 1 cards per card region 4096

Heap:
 garbage-first heap   total 0K, used 0K [0x000000070c800000, 0x0000000800000000)
  region size 2048K, 0 young (0K), 0 survivors (0K)
 Metaspace       used 0K, committed 0K, reserved 0K
  class space    used 0K, committed 0K, reserved 0K

Heap Regions: E=young(eden), S=young(survivor), O=old, HS=humongous(starts), HC=humongous(continues), CS=collection set, F=free, TAMS=top-at-mark-start, PB=parsable bottom

Card table byte_map: [0x000001eb12f80000,0x000001eb13720000] _byte_map_base: 0x000001eb0f71c000

Marking Bits: (CMBitMap*) 0x000001eb7e334730
 Bits: [0x000001eb13720000, 0x000001eb17400000)

GC Heap History (0 events):
No events

Dll operation events (1 events):
Event: 0.034 Loaded shared library C:\Program Files\Huawei\DevEco Studio\jbr\bin\java.dll

Deoptimization events (0 events):
No events

Classes loaded (0 events):
No events

Classes unloaded (0 events):
No events

Classes redefined (0 events):
No events

Internal exceptions (0 events):
No events

ZGC Phase Switch (0 events):
No events

VM Operations (0 events):
No events

Memory protections (0 events):
No events

Nmethod flushes (0 events):
No events

Events (0 events):
No events


Dynamic libraries:
0x00007ff7d7240000 - 0x00007ff7d724a000 	C:\Program Files\Huawei\DevEco Studio\jbr\bin\java.exe
0x00007ff85a680000 - 0x00007ff85a8e7000 	C:\Windows\SYSTEM32\ntdll.dll
0x00007ff8588e0000 - 0x00007ff8589ab000 	C:\Windows\System32\KERNEL32.DLL
0x00007ff857ad0000 - 0x00007ff857ed2000 	C:\Windows\System32\KERNELBASE.dll
0x00007ff857970000 - 0x00007ff857abc000 	C:\Windows\System32\ucrtbase.dll
0x00007ff851180000 - 0x00007ff851198000 	C:\Program Files\Huawei\DevEco Studio\jbr\bin\jli.dll
0x00007ff84cb30000 - 0x00007ff84cb4b000 	C:\Program Files\Huawei\DevEco Studio\jbr\bin\VCRUNTIME140.dll
0x00007ff8583a0000 - 0x00007ff85856f000 	C:\Windows\System32\USER32.dll
0x00007ff857940000 - 0x00007ff857967000 	C:\Windows\System32\win32u.dll
0x00007ff859e40000 - 0x00007ff859e6b000 	C:\Windows\System32\GDI32.dll
0x00007ff858050000 - 0x00007ff858179000 	C:\Windows\System32\gdi32full.dll
0x00007ff857ee0000 - 0x00007ff857f83000 	C:\Windows\System32\msvcp_win.dll
0x00007ff833230000 - 0x00007ff8334c0000 	C:\Windows\WinSxS\amd64_microsoft.windows.common-controls_6595b64144ccf1df_6.0.26100.9278_none_3e0d1ba8e3303201\COMCTL32.dll
0x00007ff859820000 - 0x00007ff8598c9000 	C:\Windows\System32\msvcrt.dll
0x00007ff859c60000 - 0x00007ff859c91000 	C:\Windows\System32\IMM32.DLL
0x00007ff8511d0000 - 0x00007ff8511dc000 	C:\Program Files\Huawei\DevEco Studio\jbr\bin\vcruntime140_1.dll
0x00007ff845fe0000 - 0x00007ff84606d000 	C:\Program Files\Huawei\DevEco Studio\jbr\bin\msvcp140.dll
0x00007ff807e50000 - 0x00007ff808c1b000 	C:\Program Files\Huawei\DevEco Studio\jbr\bin\server\jvm.dll
0x00007ff859240000 - 0x00007ff8592fc000 	C:\Windows\System32\ADVAPI32.dll
0x00007ff8589b0000 - 0x00007ff858a59000 	C:\Windows\System32\sechost.dll
0x00007ff858ed0000 - 0x00007ff858fe8000 	C:\Windows\System32\RPCRT4.dll
0x00007ff858d60000 - 0x00007ff858de0000 	C:\Windows\System32\WS2_32.dll
0x00007ff8493f0000 - 0x00007ff849426000 	C:\Windows\SYSTEM32\WINMM.dll
0x00007ff8563b0000 - 0x00007ff85640e000 	C:\Windows\SYSTEM32\POWRPROF.dll
0x00007ff84c660000 - 0x00007ff84c66b000 	C:\Windows\SYSTEM32\VERSION.dll
0x00007ff856390000 - 0x00007ff8563a5000 	C:\Windows\SYSTEM32\UMPDC.dll
0x00007ff856670000 - 0x00007ff85668b000 	C:\Windows\SYSTEM32\kernel.appcore.dll
0x00007ff8510f0000 - 0x00007ff8510fa000 	C:\Program Files\Huawei\DevEco Studio\jbr\bin\jimage.dll
0x00007ff854ac0000 - 0x00007ff854d0c000 	C:\Windows\SYSTEM32\DBGHELP.DLL
0x00007ff8598d0000 - 0x00007ff859c55000 	C:\Windows\System32\combase.dll
0x00007ff858df0000 - 0x00007ff858ec9000 	C:\Windows\System32\OLEAUT32.dll
0x00007ff82cff0000 - 0x00007ff82d02b000 	C:\Windows\SYSTEM32\dbgcore.DLL
0x00007ff857f90000 - 0x00007ff85803c000 	C:\Windows\System32\bcryptPrimitives.dll
0x00007ff84cb10000 - 0x00007ff84cb30000 	C:\Program Files\Huawei\DevEco Studio\jbr\bin\java.dll

JVMTI agents: none

dbghelp: loaded successfully - version: 4.0.5 - missing functions: none
symbol engine: initialized successfully - sym options: 0x614 - pdb path: .;C:\Program Files\Huawei\DevEco Studio\jbr\bin;C:\Windows\SYSTEM32;C:\Windows\WinSxS\amd64_microsoft.windows.common-controls_6595b64144ccf1df_6.0.26100.9278_none_3e0d1ba8e3303201;C:\Program Files\Huawei\DevEco Studio\jbr\bin\server

VM Arguments:
jvm_args: -Dfile.encoding=GBK 
java_command: C:\Program Files\Huawei\DevEco Studio\sdk\default\openharmony\toolchains\lib\app_packing_tool.jar --mode hap --force true --lib-path C:\Users\infinty\DevEcoStudioProjects\SportHealthAgent\entry\build\default\intermediates\stripped_native_libs\default --json-path C:\Users\infinty\DevEcoStudioProjects\SportHealthAgent\entry\build\default\intermediates\package\default\module.json --resources-path C:\Users\infinty\DevEcoStudioProjects\SportHealthAgent\entry\build\default\intermediates\res\default\resources --index-path C:\Users\infinty\DevEcoStudioProjects\SportHealthAgent\entry\build\default\intermediates\res\default\resources.index --pack-info-path C:\Users\infinty\DevEcoStudioProjects\SportHealthAgent\entry\build\default\outputs\default\pack.info --out-path C:\Users\infinty\DevEcoStudioProjects\SportHealthAgent\entry\build\default\outputs\default\entry-default-unsigned.hap --ets-path C:\Users\infinty\DevEcoStudioProjects\SportHealthAgent\entry\build\default\intermediates\loader_out\default\ets --pkg-sdk-info-path C:\Users\infinty\DevEcoStudioProjects\SportHealthAgent\entry\build\default\intermediates\loader\default\pkgSdkInfo.json
java_class_path (initial): C:\Program Files\Huawei\DevEco Studio\sdk\default\openharmony\toolchains\lib\app_packing_tool.jar
Launcher Type: SUN_STANDARD

[Global flags]
     intx CICompilerCount                          = 15                                        {product} {ergonomic}
     uint ConcGCThreads                            = 6                                         {product} {ergonomic}
     uint G1ConcRefinementThreads                  = 23                                        {product} {ergonomic}
   size_t G1HeapRegionSize                         = 2097152                                   {product} {ergonomic}
    uintx GCDrainStackTargetSize                   = 64                                        {product} {ergonomic}
   size_t InitialHeapSize                          = 255852544                                 {product} {ergonomic}
   size_t MarkStackSize                            = 4194304                                   {product} {ergonomic}
   size_t MaxHeapSize                              = 4085252096                                {product} {ergonomic}
   size_t MinHeapDeltaBytes                        = 2097152                                   {product} {ergonomic}
   size_t MinHeapSize                              = 8388608                                   {product} {ergonomic}
    uintx NonNMethodCodeHeapSize                   = 8192380                                {pd product} {ergonomic}
    uintx NonProfiledCodeHeapSize                  = 121732930                              {pd product} {ergonomic}
    uintx ProfiledCodeHeapSize                     = 121732930                              {pd product} {ergonomic}
    uintx ReservedCodeCacheSize                    = 251658240                              {pd product} {ergonomic}
     bool SegmentedCodeCache                       = true                                      {product} {ergonomic}
   size_t SoftMaxHeapSize                          = 4085252096                             {manageable} {ergonomic}
     bool UseCompressedOops                        = true                           {product lp64_product} {ergonomic}
     bool UseG1GC                                  = true                                      {product} {ergonomic}
     bool UseLargePagesIndividualAllocation        = false                                  {pd product} {ergonomic}

Logging:
Log output configuration:
 #0: stdout all=warning uptime,level,tags foldmultilines=false
 #1: stderr all=off uptime,level,tags foldmultilines=false

Environment Variables:
PATH=C:\Program Files\Huawei\DevEco Studio\jbr\bin;C:\Users\infinty\AppData\Roaming\kimi-desktop\daimon-bundle\runtime\git\mingw64\bin;C:\Users\infinty\AppData\Roaming\kimi-desktop\daimon-bundle\runtime\git\usr\bin;C:\Users\infinty\bin;C:\Users\infinty\AppData\Roaming\kimi-desktop\daimon-share\daimon\runtime\python\.venv\Scripts;C:\Users\infinty\AppData\Roaming\kimi-desktop\daimon-share\daimon\runtime\python\.venv\Scripts;C:\Users\infinty\AppData\Roaming\kimi-desktop\daimon-share\daimon\command-process-owner\bin;C:\Users\infinty\AppData\Local\Programs\Kimi\resources\resources\runtime;C:\Users\infinty\AppData\Roaming\kimi-desktop\daimon-bundle\runtime\uv;C:\Users\infinty\AppData\Roaming\kimi-desktop\daimon-bundle\runtime\git\cmd;C:\Users\infinty\AppData\Roaming\kimi-desktop\daimon-share\daimon\npm-global;C:\Users\infinty\.kimi-work\bin;C:\Windows\System32;C:\Windows\System32\WindowsPowerShell\v1.0;C:\Windows
USERNAME=infinty
SHELL=C:\Users\infinty\AppData\Roaming\kimi-desktop\daimon-bundle\runtime\git\bin\bash.exe
TERM=dumb
TMP=C:\Users\infinty\AppData\Local\Temp
TEMP=C:\Users\infinty\AppData\Local\Temp




Periodic native trim disabled

JNI global refs:
JNI global refs: 0, weak refs: 0

JNI global refs memory usage: 0, weak refs: 0

Process memory usage:
Resident Set Size: 14320K (0% of 15951668K total physical memory with 508256K free physical memory)

OOME stack traces (most recent first):
Classloader memory used:

---------------  S Y S T E M  ---------------

OS:
 Windows 11 , 64 bit Build 26100 (10.0.26100.9444)
OS uptime: 2 days 15:45 hours
Hyper-V role detected

CPU: total 32 (initial active 32) (32 cores per cpu, 2 threads per core) family 25 model 97 stepping 2 microcode 0xa60120c, cx8, cmov, fxsr, ht, mmx, 3dnowpref, sse, sse2, sse3, ssse3, sse4a, sse4.1, sse4.2, popcnt, lzcnt, tsc, tscinvbit, avx, avx2, aes, erms, clmul, bmi1, bmi2, adx, avx512f, avx512dq, avx512cd, avx512bw, avx512vl, sha, fma, vzeroupper, avx512_vpopcntdq, avx512_vpclmulqdq, avx512_vaes, avx512_vnni, clflush, clflushopt, avx512_vbmi2, avx512_vbmi, hv, rdtscp, rdpid, fsrm, gfni, avx512_bitalg, f16c, cet_ss, avx512_ifma
Processor Information for the first 32 processors :
  Max Mhz: 2401, Current Mhz: 1979, Mhz Limit: 2401

Memory: 4k page, system-wide physical 15577M (496M free)
TotalPageFile size 53977M (AvailPageFile size 72M)
current process WorkingSet (physical memory assigned to process): 14M, peak: 14M
current process commit charge ("private bytes"): 91M, peak: 335M

vm_info: OpenJDK 64-Bit Server VM (21.0.8+1-b1038.71) for windows-amd64 JRE (21.0.8+1-b1038.71), built on 2025-09-04 by "builduser" with MS VC++ 16.10 / 16.11 (VS2019)

END.
