[SKIP] food_salmon.jpg 已存在
[SKIP] food_shrimp.jpg 已存在
[SKIP] food_leanbeef.jpg 已存在
[SKIP] food_milk.jpg 已存在
[OK] food_proteinpowder.jpg <- https://upload.wikimedia.org/wikipedia/commons/4/41/Hydrolyzed_Whey_Protein_Isolate.jpg?utm_source=commons.wikimedia.org&utm_campaign=imageinfo&utm_content=thumbnail_unscaled
[SKIP] food_tuna.jpg 已存在
[SKIP] food_chickenleg.jpg 已存在
[SKIP] food_soymilk.jpg 已存在
[SKIP] food_quinoa.jpg 已存在
[SKIP] food_yam.jpg 已存在
[OK] food_pasta.jpg <- https://thumb.wikimedia.org/wikipedia/commons/thumb/1/1e/Consolidated_Macaroni_Machine_Corporation_Spaghetti_Extruder_with_Spreader_Circa_1945.jpg/960px-Consolidated_Macaroni_Machine_Corporation_Spaghetti_Extruder_with_Spreader_Circa_1945.jpg?utm_source=commons.wikimedia.org&utm_campaign=imageinfo&utm_content=thumbnail
[OK] food_potato.jpg <- https://upload.wikimedia.org/wikipedia/commons/a/a3/234_Solanum_tuberosum_L.jpg?utm_source=commons.wikimedia.org&utm_campaign=imageinfo&utm_content=thumbnail_unscaled
[OK] food_soba.jpg <- https://thumb.wikimedia.org/wikipedia/commons/thumb/9/9a/Dried_soba_noodles_by_FotoosVanRobin.jpg/960px-Dried_soba_noodles_by_FotoosVanRobin.jpg?utm_source=commons.wikimedia.org&utm_campaign=imageinfo&utm_content=thumbnail
[OK] food_pumpkin.jpg <- https://thumb.wikimedia.org/wikipedia/commons/thumb/8/84/Pumpkin-Pie-Slice.jpg/960px-Pumpkin-Pie-Slice.jpg?utm_source=commons.wikimedia.org&utm_campaign=imageinfo&utm_content=thumbnail
[OK] food_peanutbutter.jpg <- https://thumb.wikimedia.org/wikipedia/commons/thumb/3/3a/020231119_Peanut_butter_from_Poland.jpg/960px-020231119_Peanut_butter_from_Poland.jpg?utm_source=commons.wikimedia.org&utm_campaign=imageinfo&utm_content=thumbnail
[OK] food_chia.jpg <- https://upload.wikimedia.org/wikipedia/commons/c/c1/Green_smoothie_bowl.jpg?utm_source=commons.wikimedia.org&utm_campaign=imageinfo&utm_content=thumbnail_unscaled
[OK] food_cheese.jpg <- https://upload.wikimedia.org/wikipedia/commons/e/e6/Hoagie_Hero_Sub_Sandwich.jpg?utm_source=commons.wikimedia.org&utm_campaign=imageinfo&utm_content=thumbnail_unscaled
[OK] food_darkchoc.jpg <- https://thumb.wikimedia.org/wikipedia/commons/thumb/5/5f/Green_and_Black%27s_dark_chocolate_bar_1.jpg/960px-Green_and_Black%27s_dark_chocolate_bar_1.jpg?utm_source=commons.wikimedia.org&utm_campaign=imageinfo&utm_content=thumbnail
[OK] food_coconutoil.jpg <- https://thumb.wikimedia.org/wikipedia/commons/thumb/9/91/Red_symbol_indicating_high_levels_of_saturated_fat_on_a_jar_of_coconut_oil_01.jpg/960px-Red_symbol_indicating_high_levels_of_saturated_fat_on_a_jar_of_coconut_oil_01.jpg?utm_source=commons.wikimedia.org&utm_campaign=imageinfo&utm_content=thumbnail
[OK] food_broccoli.jpg <- https://thumb.wikimedia.org/wikipedia/commons/thumb/4/48/Broccoli_florets_on_ice.jpg/960px-Broccoli_florets_on_ice.jpg?utm_source=commons.wikimedia.org&utm_campaign=imageinfo&utm_content=thumbnail
[OK] food_spinach.jpg <- https://upload.wikimedia.org/wikipedia/commons/f/fc/A_pot_of_cut_spinach_leaves_with_carrots_and_onions.jpg?utm_source=commons.wikimedia.org&utm_campaign=imageinfo&utm_content=thumbnail_unscaled
[OK] food_tomato.jpg <- https://thumb.wikimedia.org/wikipedia/commons/thumb/8/88/Bright_red_tomato_and_cross_section02.jpg/960px-Bright_red_tomato_and_cross_section02.jpg?utm_source=commons.wikimedia.org&utm_campaign=imageinfo&utm_content=thumbnail
[OK] food_cucumber.jpg <- https://thumb.wikimedia.org/wikipedia/commons/thumb/e/ea/2012_08_05_038_Gurkenranke.jpg/960px-2012_08_05_038_Gurkenranke.jpg?utm_source=commons.wikimedia.org&utm_campaign=imageinfo&utm_content=thumbnail
[OK] food_carrot.jpg <- https://thumb.wikimedia.org/wikipedia/commons/thumb/c/cd/Carrot-carving.JPG/960px-Carrot-carving.JPG?utm_source=commons.wikimedia.org&utm_campaign=imageinfo&utm_content=thumbnail
[OK] food_lettuce.jpg <- https://thumb.wikimedia.org/wikipedia/commons/thumb/9/95/2018-06-01_%28129%29_Lactuca_sativa_%28garden_lettuce%29_Nature_at_Bichlh%C3%A4usl_in_Frankenfels%2C_Austria.jpg/960px-2018-06-01_%28129%29_Lactuca_sativa_%28garden_lettuce%29_Nature_at_Bichlh%C3%A4usl_in_Frankenfels%2C_Austria.jpg?utm_source=commons.wikimedia.org&utm_campaign=imageinfo&utm_content=thumbnail
[OK] food_bellpepper.jpg <- https://thumb.wikimedia.org/wikipedia/commons/thumb/2/2d/Baby_Bell_pepper_%27%27Capsicum_annuum%27%27_.jpg/960px-Baby_Bell_pepper_%27%27Capsicum_annuum%27%27_.jpg?utm_source=commons.wikimedia.org&utm_campaign=imageinfo&utm_content=thumbnail
[OK] food_asparagus.jpg <- https://thumb.wikimedia.org/wikipedia/commons/thumb/3/3d/Asparagus-Bundle.jpg/960px-Asparagus-Bundle.jpg?utm_source=commons.wikimedia.org&utm_campaign=imageinfo&utm_content=thumbnail
[SKIP] food_banana.jpg 已存在
[SKIP] food_blueberry.jpg 已存在
[SKIP] food_apple.jpg 已存在
[SKIP] food_orange.jpg 已存在
[SKIP] food_strawberry.jpg 已存在
[SKIP] food_kiwi.jpg 已存在
[SKIP] food_steamedrice.jpg 已存在
[SKIP] food_noodles.jpg 已存在
[SKIP] food_steamedbun.jpg 已存在
[SKIP] food_corn.jpg 已存在
[FAIL] food_multigrainrice: no result
[OK] food_baozi.jpg <- https://thumb.wikimedia.org/wikipedia/commons/thumb/5/5f/Baozi%2C_steamed_bun%2C_resturant.jpg/960px-Baozi%2C_steamed_bun%2C_resturant.jpg?utm_source=commons.wikimedia.org&utm_campaign=imageinfo&utm_content=thumbnail
{
  "food_salmon": "SKIP_EXISTS",
  "food_shrimp": "SKIP_EXISTS",
  "food_leanbeef": "SKIP_EXISTS",
  "food_milk": "SKIP_EXISTS",
  "food_proteinpowder": "OK",
  "food_tuna": "SKIP_EXISTS",
  "food_chickenleg": "SKIP_EXISTS",
  "food_soymilk": "SKIP_EXISTS",
  "food_quinoa": "SKIP_EXISTS",
  "food_yam": "SKIP_EXISTS",
  "food_pasta": "OK",
  "food_potato": "OK",
  "food_soba": "OK",
  "food_pumpkin": "OK",
  "food_peanutbutter": "OK",
  "food_chia": "OK",
  "food_cheese": "OK",
  "food_darkchoc": "OK",
  "food_coconutoil": "OK",
  "food_broccoli": "OK",
  "food_spinach": "OK",
  "food_tomato": "OK",
  "food_cucumber": "OK",
  "food_carrot": "OK",
  "food_lettuce": "OK",
  "food_bellpepper": "OK",
  "food_asparagus": "OK",
  "food_banana": "SKIP_EXISTS",
  "food_blueberry": "SKIP_EXISTS",
  "food_apple": "SKIP_EXISTS",
  "food_orange": "SKIP_EXISTS",
  "food_strawberry": "SKIP_EXISTS",
  "food_kiwi": "SKIP_EXISTS",
  "food_steamedrice": "SKIP_EXISTS",
  "food_noodles": "SKIP_EXISTS",
  "food_steamedbun": "SKIP_EXISTS",
  "food_corn": "SKIP_EXISTS",
  "food_multigrainrice": "NOT_FOUND",
  "food_baozi": "OK"
}
