[1/39] salmon: FAIL: tudioProjects\SportHealthAgent\tools\food_raw\food_salmon.png
Now display it to the user by calling the readFile tool on that path. Reading the image to show it is the model's job, not this plugin's.
 
[2/39] shrimp: FAIL: tudioProjects\SportHealthAgent\tools\food_raw\food_shrimp.png
Now display it to the user by calling the readFile tool on that path. Reading the image to show it is the model's job, not this plugin's.
 
[3/39] leanbeef: FAIL: dioProjects\SportHealthAgent\tools\food_raw\food_leanbeef.png
Now display it to the user by calling the readFile tool on that path. Reading the image to show it is the model's job, not this plugin's.
 
[4/39] milk: FAIL: oStudioProjects\SportHealthAgent\tools\food_raw\food_milk.png
Now display it to the user by calling the readFile tool on that path. Reading the image to show it is the model's job, not this plugin's.
 
[5/39] proteinpowder: FAIL: ojects\SportHealthAgent\tools\food_raw\food_proteinpowder.png
Now display it to the user by calling the readFile tool on that path. Reading the image to show it is the model's job, not this plugin's.
 
[6/39] tuna: FAIL: oStudioProjects\SportHealthAgent\tools\food_raw\food_tuna.png
Now display it to the user by calling the readFile tool on that path. Reading the image to show it is the model's job, not this plugin's.
 
[7/39] chickenleg: FAIL: oProjects\SportHealthAgent\tools\food_raw\food_chickenleg.png
Now display it to the user by calling the readFile tool on that path. Reading the image to show it is the model's job, not this plugin's.
 
[8/39] soymilk: FAIL: udioProjects\SportHealthAgent\tools\food_raw\food_soymilk.png
Now display it to the user by calling the readFile tool on that path. Reading the image to show it is the model's job, not this plugin's.
 
[9/39] quinoa: FAIL: tudioProjects\SportHealthAgent\tools\food_raw\food_quinoa.png
Now display it to the user by calling the readFile tool on that path. Reading the image to show it is the model's job, not this plugin's.
 
[10/39] yam: FAIL: coStudioProjects\SportHealthAgent\tools\food_raw\food_yam.png
Now display it to the user by calling the readFile tool on that path. Reading the image to show it is the model's job, not this plugin's.
 
[11/39] pasta: FAIL: StudioProjects\SportHealthAgent\tools\food_raw\food_pasta.png
Now display it to the user by calling the readFile tool on that path. Reading the image to show it is the model's job, not this plugin's.
 
[12/39] potato: FAIL: tudioProjects\SportHealthAgent\tools\food_raw\food_potato.png
Now display it to the user by calling the readFile tool on that path. Reading the image to show it is the model's job, not this plugin's.
 
[13/39] soba: FAIL: oStudioProjects\SportHealthAgent\tools\food_raw\food_soba.png
Now display it to the user by calling the readFile tool on that path. Reading the image to show it is the model's job, not this plugin's.
 
[14/39] pumpkin: FAIL: udioProjects\SportHealthAgent\tools\food_raw\food_pumpkin.png
Now display it to the user by calling the readFile tool on that path. Reading the image to show it is the model's job, not this plugin's.
 
[15/39] peanutbutter: FAIL: rojects\SportHealthAgent\tools\food_raw\food_peanutbutter.png
Now display it to the user by calling the readFile tool on that path. Reading the image to show it is the model's job, not this plugin's.
 
[16/39] chia: FAIL: oStudioProjects\SportHealthAgent\tools\food_raw\food_chia.png
Now display it to the user by calling the readFile tool on that path. Reading the image to show it is the model's job, not this plugin's.
 
[17/39] cheese: FAIL: tudioProjects\SportHealthAgent\tools\food_raw\food_cheese.png
Now display it to the user by calling the readFile tool on that path. Reading the image to show it is the model's job, not this plugin's.
 
[18/39] darkchoc: FAIL: dioProjects\SportHealthAgent\tools\food_raw\food_darkchoc.png
Now display it to the user by calling the readFile tool on that path. Reading the image to show it is the model's job, not this plugin's.
 
[19/39] coconutoil: FAIL: oProjects\SportHealthAgent\tools\food_raw\food_coconutoil.png
Now display it to the user by calling the readFile tool on that path. Reading the image to show it is the model's job, not this plugin's.
 
[20/39] broccoli: FAIL: dioProjects\SportHealthAgent\tools\food_raw\food_broccoli.png
Now display it to the user by calling the readFile tool on that path. Reading the image to show it is the model's job, not this plugin's.
 
[21/39] spinach: FAIL: udioProjects\SportHealthAgent\tools\food_raw\food_spinach.png
Now display it to the user by calling the readFile tool on that path. Reading the image to show it is the model's job, not this plugin's.
 
[22/39] tomato: FAIL: tudioProjects\SportHealthAgent\tools\food_raw\food_tomato.png
Now display it to the user by calling the readFile tool on that path. Reading the image to show it is the model's job, not this plugin's.
 
[23/39] cucumber: FAIL: dioProjects\SportHealthAgent\tools\food_raw\food_cucumber.png
Now display it to the user by calling the readFile tool on that path. Reading the image to show it is the model's job, not this plugin's.
 
[24/39] carrot: FAIL: tudioProjects\SportHealthAgent\tools\food_raw\food_carrot.png
Now display it to the user by calling the readFile tool on that path. Reading the image to show it is the model's job, not this plugin's.
 
[25/39] lettuce: FAIL: udioProjects\SportHealthAgent\tools\food_raw\food_lettuce.png
Now display it to the user by calling the readFile tool on that path. Reading the image to show it is the model's job, not this plugin's.
 
[26/39] bellpepper: FAIL: oProjects\SportHealthAgent\tools\food_raw\food_bellpepper.png
Now display it to the user by calling the readFile tool on that path. Reading the image to show it is the model's job, not this plugin's.
 
[27/39] asparagus: FAIL: ioProjects\SportHealthAgent\tools\food_raw\food_asparagus.png
Now display it to the user by calling the readFile tool on that path. Reading the image to show it is the model's job, not this plugin's.
 
[28/39] banana: FAIL: tudioProjects\SportHealthAgent\tools\food_raw\food_banana.png
Now display it to the user by calling the readFile tool on that path. Reading the image to show it is the model's job, not this plugin's.
 
[29/39] blueberry: FAIL: ioProjects\SportHealthAgent\tools\food_raw\food_blueberry.png
Now display it to the user by calling the readFile tool on that path. Reading the image to show it is the model's job, not this plugin's.
 
[30/39] apple: FAIL:  billing cycle. Your quota will be refreshed in the next cycle. Upgrade to get more: https://www.kimi.com/membership/pricing?from=quota-upgrade. Error details: resource_exhausted: insufficient balance

[31/39] orange: FAIL:  billing cycle. Your quota will be refreshed in the next cycle. Upgrade to get more: https://www.kimi.com/membership/pricing?from=quota-upgrade. Error details: resource_exhausted: insufficient balance

[32/39] strawberry: FAIL:  billing cycle. Your quota will be refreshed in the next cycle. Upgrade to get more: https://www.kimi.com/membership/pricing?from=quota-upgrade. Error details: resource_exhausted: insufficient balance

[33/39] kiwi: FAIL:  billing cycle. Your quota will be refreshed in the next cycle. Upgrade to get more: https://www.kimi.com/membership/pricing?from=quota-upgrade. Error details: resource_exhausted: insufficient balance

[34/39] steamedrice: FAIL:  billing cycle. Your quota will be refreshed in the next cycle. Upgrade to get more: https://www.kimi.com/membership/pricing?from=quota-upgrade. Error details: resource_exhausted: insufficient balance

[35/39] noodles: FAIL:  billing cycle. Your quota will be refreshed in the next cycle. Upgrade to get more: https://www.kimi.com/membership/pricing?from=quota-upgrade. Error details: resource_exhausted: insufficient balance

[36/39] steamedbun: FAIL:  billing cycle. Your quota will be refreshed in the next cycle. Upgrade to get more: https://www.kimi.com/membership/pricing?from=quota-upgrade. Error details: resource_exhausted: insufficient balance

[37/39] corn: FAIL:  billing cycle. Your quota will be refreshed in the next cycle. Upgrade to get more: https://www.kimi.com/membership/pricing?from=quota-upgrade. Error details: resource_exhausted: insufficient balance

[38/39] multigrainrice: FAIL:  billing cycle. Your quota will be refreshed in the next cycle. Upgrade to get more: https://www.kimi.com/membership/pricing?from=quota-upgrade. Error details: resource_exhausted: insufficient balance

[39/39] baozi: FAIL:  billing cycle. Your quota will be refreshed in the next cycle. Upgrade to get more: https://www.kimi.com/membership/pricing?from=quota-upgrade. Error details: resource_exhausted: insufficient balance

DONE ok=0 failed=39: ['salmon', 'shrimp', 'leanbeef', 'milk', 'proteinpowder', 'tuna', 'chickenleg', 'soymilk', 'quinoa', 'yam', 'pasta', 'potato', 'soba', 'pumpkin', 'peanutbutter', 'chia', 'cheese', 'darkchoc', 'coconutoil', 'broccoli', 'spinach', 'tomato', 'cucumber', 'carrot', 'lettuce', 'bellpepper', 'asparagus', 'banana', 'blueberry', 'apple', 'orange', 'strawberry', 'kiwi', 'steamedrice', 'noodles', 'steamedbun', 'corn', 'multigrainrice', 'baozi']
